** Drc report for Filament_Dryer_Monitor.kicad_pcb **
** Created on 2026-08-19T22:25:19 **
** Report includes: Errors, Warnings, Exclusions **

** Found 4 DRC violations **
[silk_edge_clearance]: Silkscreen clipped by board edge (board setup constraints silk clearance 0.1500 mm; actual 0.0000 mm)
    Rule: board setup constraints silk; warning
    @(100.0000 mm, 81.0000 mm): Segment on Edge.Cuts
    @(100.3520 mm, 108.8660 mm): Polygon of U4 on B.Silkscreen
[lib_footprint_mismatch]: Footprint 'JST_XH_B2B-XH-A_1x02_P2.50mm_Vertical' does not match copy in library 'Connector_JST'
    Local override; warning
    @(104.6620 mm, 84.9890 mm): Footprint J7
[silk_over_copper]: Silkscreen clipped by solder mask
    Local override; warning
    @(173.0810 mm, 91.6720 mm): Segment of L1 on B.Silkscreen
    @(173.2960 mm, 93.6720 mm): Pad 2 [/Power/3V3_BUCK] of L1 on B.Cu
[silk_over_copper]: Silkscreen clipped by solder mask
    Local override; warning
    @(177.0810 mm, 95.6720 mm): Segment of L1 on B.Silkscreen
    @(176.8660 mm, 93.6720 mm): Pad 1 [Net-(C3-Pad1)] of L1 on B.Cu

** Found 0 unconnected pads **

** Found 0 Footprint errors **

** Ignored checks **
    - Footprint has no courtyard defined
    - Track endpoint not centered on via
    - Tuning profile track geometries
    - Footprint doesn't match symbol's footprint filters
    - Footprint component type doesn't match footprint pads

** End of Report **
