ERC report (2026-08-09T17:32:20, Encoding UTF8)
Report includes: Errors, Warnings

***** Sheet /
[unconnected_wire_endpoint]: Unconnected wire endpoint
    ; warning
    @(1900 mils, 2350 mils): Vertical Wire, length 400 mils
[unconnected_wire_endpoint]: Unconnected wire endpoint
    ; warning
    @(2150 mils, 3100 mils): Horizontal Wire, length 250 mils
[unconnected_wire_endpoint]: Unconnected wire endpoint
    ; warning
    @(2150 mils, 3200 mils): Horizontal Wire, length 250 mils
[unconnected_wire_endpoint]: Unconnected wire endpoint
    ; warning
    @(3400 mils, 2500 mils): Horizontal Wire, length 350 mils
[unconnected_wire_endpoint]: Unconnected wire endpoint
    ; warning
    @(3400 mils, 2600 mils): Horizontal Wire, length 350 mils
[unconnected_wire_endpoint]: Unconnected wire endpoint
    ; warning
    @(4250 mils, 6550 mils): Horizontal Wire, length 250 mils
[unconnected_wire_endpoint]: Unconnected wire endpoint
    ; warning
    @(4250 mils, 6650 mils): Horizontal Wire, length 250 mils

***** Sheet /Power/
[power_pin_not_driven]: Input Power pin not driven by any Output Power pins
    ; error
    @(2700 mils, 5100 mils): Symbol #PWR01 Pin 1 [Power input, Line]
[pin_to_pin]: Pins of type Power output and Power output are connected
    ; error
    @(4650 mils, 4500 mils): Symbol U1 Pin 6 [SW, Power output, Line]
    @(4650 mils, 4700 mils): Symbol U1 Pin 7 [SW, Power output, Line]

***** Sheet /MCU/

***** Sheet /IO_Power/
[pin_to_pin]: Pins of type Unspecified and Passive are connected
    ; warning
    @(9300 mils, 5150 mils): Symbol BZ1 Pin 1 [+, Unspecified, Line]
    @(8850 mils, 5050 mils): Symbol D6 Pin 1 [K, Passive, Line]
[pin_to_pin]: Pins of type Unspecified and Passive are connected
    ; warning
    @(9300 mils, 5250 mils): Symbol BZ1 Pin 2 [2, Unspecified, Line]
    @(9150 mils, 5550 mils): Symbol Q6 Pin 3 [C, Passive, Line]

 ** ERC messages: 11  Errors 2  Warnings 9

 ** Ignored checks:
    - Global label only appears once in the schematic
    - Four connection points are joined together
    - SPICE model issue
    - Assigned footprint doesn't match footprint filters
