ERC report (2026-09-04T21:29:11, Encoding UTF8)
Report includes: Errors, Warnings

***** Sheet /
[unconnected_wire_endpoint]: Unconnected wire endpoint
    ; warning
    @(48.26 mm, 59.69 mm): Vertical Wire, length 10.16 mm
[unconnected_wire_endpoint]: Unconnected wire endpoint
    ; warning
    @(54.61 mm, 78.74 mm): Horizontal Wire, length 6.35 mm
[unconnected_wire_endpoint]: Unconnected wire endpoint
    ; warning
    @(54.61 mm, 81.28 mm): Horizontal Wire, length 6.35 mm
[unconnected_wire_endpoint]: Unconnected wire endpoint
    ; warning
    @(86.36 mm, 63.50 mm): Horizontal Wire, length 8.89 mm
[unconnected_wire_endpoint]: Unconnected wire endpoint
    ; warning
    @(86.36 mm, 66.04 mm): Horizontal Wire, length 8.89 mm
[unconnected_wire_endpoint]: Unconnected wire endpoint
    ; warning
    @(107.95 mm, 166.37 mm): Horizontal Wire, length 6.35 mm
[unconnected_wire_endpoint]: Unconnected wire endpoint
    ; warning
    @(107.95 mm, 168.91 mm): Horizontal Wire, length 6.35 mm
[lib_symbol_mismatch]: Symbol 'Q_NMOS_GSD' doesn't match copy in library 'Transistor_FET'
    ; warning
    @(157.48 mm, 87.63 mm): Symbol Q5 [Q_NMOS_GSD]
[lib_symbol_mismatch]: Symbol 'MLT-8530' doesn't match copy in library 'JLCPCB'
    ; warning
    @(242.57 mm, 134.62 mm): Symbol BZ1 [MLT-8530]

***** Sheet /Power/
[power_pin_not_driven]: Input Power pin not driven by any Output Power pins
    ; error
    @(66.04 mm, 43.18 mm): Symbol #PWR02 Pin 1 [Power input, Line]

***** Sheet /MCU/

***** Sheet /IO_Power/
[pin_to_pin]: Pins of type Unspecified and Passive are connected
    ; warning
    @(238.76 mm, 130.81 mm): Symbol BZ1 Pin 1 [+, Unspecified, Line]
    @(227.33 mm, 128.27 mm): Symbol D6 Pin 1 [K, Passive, Line]
[pin_to_pin]: Pins of type Unspecified and Passive are connected
    ; warning
    @(238.76 mm, 133.35 mm): Symbol BZ1 Pin 2 [2, Unspecified, Line]
    @(234.95 mm, 140.97 mm): Symbol Q6 Pin 3 [C, Passive, Line]

 ** ERC messages: 12  Errors 1  Warnings 11

 ** Ignored checks:
    - Global label only appears once in the schematic
    - Four connection points are joined together
    - SPICE model issue
    - Assigned footprint doesn't match footprint filters
